[www.paypal.com/signin.html]
[www.paypalobjects.com/webcaptcha/ngrlCaptcha.min.js]
[backblue.gif]
[fade.gif]
[index.html]
[www.paypalobjects.com/webstatic/icon/pp64.png]
[www.paypalobjects.com/web/res/459/681f2a016328a227b428ef594fea4/css/contextualLogin.css]
[www.paypalobjects.com/web/res/459/681f2a016328a227b428ef594fea4/js/lib/modernizr-2.6.1.js]
[www.paypalobjects.com/images/shared/icon-PN-check.png]
[www.paypalobjects.com/images/shared/glyph_alert_critical_big-2x.png]
[www.paypalobjects.com/web/res/459/681f2a016328a227b428ef594fea4/js/lib/fn-sync-telemetry-min.js]
[www.paypalobjects.com/web/res/459/681f2a016328a227b428ef594fea4/js/signin-split.js]
[www.paypalobjects.com/pa/js/min/pa.js]
[www.paypal.com/signin.html]
[www.paypal.com/us/signin.html]
[www.paypalobjects.com/web/res/459/681f2a016328a227b428ef594fea4/css/contextualLogin.css]
[www.paypal.com/signin89ed.html]
[www.paypal.com/signin9e43.html]
[www.paypal.com/signinac2e.html]
[www.paypal.com/signinf85e.html]
[www.paypal.com/authflow/password-recovery/index49b7.html]
[www.paypal.com/us/webapps/mpp/account-selection.html]
[www.paypal.com/{coBrand}/cgi-bin/helpscrb621.html]
[www.paypal.com/us/smarthelp/contact-us.html]
[www.paypal.com/us/webapps/mpp/ua/privacy-full.html]
[www.paypal.com/us/webapps/mpp/ua/legalhub-full.html]
[www.paypal.com/us/webapps/mpp/ua/upcoming-policies-full.html]
[www.paypal.com/us/webapps/mpp/country-worldwide.html]
[www.paypal.com/auth/createchallenge/3da5a9fcf9e20cfb/recaptchav3ad54.html]
